2026-10-07T10:14:41Z INF Thank you for trying Cloudflare Tunnel. Doing so, without a Cloudflare account, is a quick way to experiment and try it out. However, be aware that these account-less Tunnels have no uptime guarantee, are subject to the Cloudflare Online Services Terms of Use (https://www.cloudflare.com/website-terms/), and Cloudflare reserves the right to investigate your use of Tunnels for violations of such terms. If you intend to use Tunnels in production you should use a pre-created named tunnel by following: https://developers.cloudflare.com/cloudflare-one/connections/connect-apps
2026-10-07T10:14:41Z INF Requesting new quick Tunnel on trycloudflare.com...
2026-10-07T10:14:47Z INF +--------------------------------------------------------------------------------------------+
2026-10-07T10:14:47Z INF |  Your quick Tunnel has been created! Visit it at (it may take some time to be reachable):  |
2026-10-07T10:14:47Z INF |  https://aviation-concept-potter-closer.trycloudflare.com                                  |
2026-10-07T10:14:47Z INF +--------------------------------------------------------------------------------------------+
2026-10-07T10:14:47Z INF Cannot determine default configuration path. No file [config.yml config.yaml] in [~/.cloudflared ~/.cloudflare-warp ~/cloudflare-warp /etc/cloudflared /usr/local/etc/cloudflared]
2026-10-07T10:14:47Z INF Version 2026.10.0 (Checksum d33ff2d14475178d2012c2c56beba87389ac5ded27649519f198a7d3134a99db)
2026-10-07T10:14:47Z INF GOOS: linux, GOVersion: go1.26.8, GoArch: amd64
2026-10-07T10:14:47Z INF Settings: map[ha-connections:1 protocol:quic url:http://127.0.0.1:8765]
2026-10-07T10:14:47Z INF cloudflared will not automatically update if installed by a package manager.
2026-10-07T10:14:47Z INF Generated Connector ID: ac3b41f1-dd38-4fa1-9bed-f865742ac7be
2026-10-07T10:14:47Z INF Initial protocol quic
2026-10-07T10:14:47Z INF ICMP proxy will use 192.168.1.106 as source for IPv4
2026-10-07T10:14:47Z INF ICMP proxy will use 2a02:1210:7c36:3800:945f:2721:466d:85b1 in zone wlp3s0 as source for IPv6
2026/10/07 12:14:47 failed to sufficiently increase receive buffer size (was: 208 kiB, wanted: 7168 kiB, got: 416 kiB). See https://github.com/quic-go/quic-go/wiki/UDP-Buffer-Sizes for details.
2026-10-07T10:14:47Z INF ICMP proxy will use 192.168.1.106 as source for IPv4
2026-10-07T10:14:47Z INF ICMP proxy will use 2a02:1210:7c36:3800:945f:2721:466d:85b1 in zone wlp3s0 as source for IPv6
2026-10-07T10:14:47Z INF Starting metrics server on 127.0.0.1:20241/metrics
2026-10-07T10:14:47Z INF Tunnel connection curve preferences: [X25519MLKEM768 CurveID(65074) CurveP256] connIndex=0 event=0 ip=2606:4700:a8::5
2026-10-07T10:14:47Z INF +-------------------------------------------------------------------------------------+
2026-10-07T10:14:47Z INF |                               CONNECTIVITY PRE-CHECKS                               |
2026-10-07T10:14:47Z INF +-------------------------------------------------------------------------------------+
2026-10-07T10:14:47Z INF |  COMPONENT         TARGET                     STATUS  DETAILS                       |
2026-10-07T10:14:47Z INF |  DNS Resolution    region1.v2.argotunnel.com  PASS    DNS Resolved successfully     |
2026-10-07T10:14:47Z INF |  DNS Resolution    region2.v2.argotunnel.com  PASS    DNS Resolved successfully     |
2026-10-07T10:14:47Z INF |  UDP Connectivity  region1.v2.argotunnel.com  PASS    QUIC connection successful    |
2026-10-07T10:14:47Z INF |  UDP Connectivity  region2.v2.argotunnel.com  PASS    QUIC connection successful    |
2026-10-07T10:14:47Z INF |  TCP Connectivity  region1.v2.argotunnel.com  PASS    HTTP/2 connection successful  |
2026-10-07T10:14:47Z INF |  TCP Connectivity  region2.v2.argotunnel.com  PASS    HTTP/2 connection successful  |
2026-10-07T10:14:47Z INF |  Cloudflare API    api.cloudflare.com:443     PASS    API is reachable              |
2026-10-07T10:14:47Z INF |                                                                                     |
2026-10-07T10:14:47Z INF |  SUMMARY: Environment is healthy. cloudflared will use 'quic' as primary protocol.  |
2026-10-07T10:14:47Z INF +-------------------------------------------------------------------------------------+
2026-10-07T10:14:47Z INF precheck component="DNS Resolution" details="DNS Resolved successfully" run_id=9ac3aff8-0afc-4c44-bd14-9708834db7f6 status=pass target=region1.v2.argotunnel.com
2026-10-07T10:14:47Z INF precheck component="DNS Resolution" details="DNS Resolved successfully" run_id=9ac3aff8-0afc-4c44-bd14-9708834db7f6 status=pass target=region2.v2.argotunnel.com
2026-10-07T10:14:47Z INF precheck component="UDP Connectivity" details="QUIC connection successful" run_id=9ac3aff8-0afc-4c44-bd14-9708834db7f6 status=pass target=region1.v2.argotunnel.com
2026-10-07T10:14:47Z INF precheck component="UDP Connectivity" details="QUIC connection successful" run_id=9ac3aff8-0afc-4c44-bd14-9708834db7f6 status=pass target=region2.v2.argotunnel.com
2026-10-07T10:14:47Z INF precheck component="TCP Connectivity" details="HTTP/2 connection successful" run_id=9ac3aff8-0afc-4c44-bd14-9708834db7f6 status=pass target=region1.v2.argotunnel.com
2026-10-07T10:14:47Z INF precheck component="TCP Connectivity" details="HTTP/2 connection successful" run_id=9ac3aff8-0afc-4c44-bd14-9708834db7f6 status=pass target=region2.v2.argotunnel.com
2026-10-07T10:14:47Z INF precheck component="Cloudflare API" details="API is reachable" run_id=9ac3aff8-0afc-4c44-bd14-9708834db7f6 status=pass target=api.cloudflare.com:443
2026-10-07T10:14:47Z INF precheck complete hard_fail=false run_id=9ac3aff8-0afc-4c44-bd14-9708834db7f6 suggested_protocol=quic
2026-10-07T10:14:48Z INF Registered tunnel connection connIndex=0 connection=7edb3da8-860e-4811-86d6-1e3408eecee8 event=0 ip=2606:4700:a8::5 location=fra20 protocol=quic
